// Jest Snapshot v1, https://goo.gl/fbAQLP

exports[`TvButton Component should matches snapshot 1`] = `
<div class="tv-hero-body">
  <div class="tv-hero tv-hero-full">
    <!--v-if-->
    <div class="tv-hero-content">
      <div class="tv-hero-title">
        <!--v-if-->TODOvue
      </div>
      <div class="tv-hero-description">
        <!--v-if-->TODOvue Blog
      </div>
      <div class="tv-hero-actions">
        <tv-button-stub isrounded="true" isfull="false" isoutlined="false" issmall="false" islarge="false" issuccess="false" icon="" isinfo="false" iswarning="false" iserror="false" isdisabled="false" iscircle="false" istext="false" buttontext="" iconposition="right"></tv-button-stub>
        <tv-button-stub isrounded="true" isfull="false" isoutlined="true" issmall="false" islarge="false" issuccess="false" icon="" isinfo="false" iswarning="false" iserror="false" isdisabled="false" iscircle="false" istext="false" buttontext="" iconposition="right"></tv-button-stub>
      </div>
    </div>
  </div>
</div>
`;
